BEGIN:VCARD
VERSION:3.0
FN:François Gödel
N:Gödel;François;;;
ADR;TYPE=WORK:;;Essalág 100;Torshavn;50800;Færøerne;
EMAIL;TYPE=PREF,INTERNET:francois@goedel.net
TEL;TYPE=WORK,VOICE:+49-123-678901
TEL;TYPE=HOME,VOICE:(101) 1234 4123
UID:E41JRQX2DB4P1AQZI86BAT7NHPBHPRIIHQKA
END:VCARD
