[(u'/something.vcf', u'', u'G\xf6del;Fran\xe7ois;;;', u'Fran\xe7ois G\xf6del', u'BEGIN:VCARD\nVERSION:3.0\nFN:Fran\xe7ois G\xf6del\nN:G\xf6del;Fran\xe7ois;;;\nADR;TYPE=WORK:;;Essal\xe1g 100;Torshavn;50800;F\xe6r\xf8erne;\nEMAIL;TYPE=PREF,INTERNET:francois@goedel.net\nTEL;TYPE=WORK,VOICE:+49-123-678901\nTEL;TYPE=HOME,VOICE:(101) 1234 4123\nUID:E41JRQX2DB4P1AQZI86BAT7NHPBHPRIIHQKA\nEND:VCARD', 0)]
